// Jest Snapshot v1, https://goo.gl/fbAQLP

exports[`Render the calculator render calculator 1`] = `undefined`;
